#
# A fatal error has been detected by the Java Runtime Environment:
#
#  Internal Error (jvmciEnv.cpp:233), pid=71204, tid=51696
#  fatal error: Error attaching current thread (JVMCI-native CompilerThread0) to JVMCI shared library JNI interface
#
# JRE version: OpenJDK Runtime Environment GraalVM CE 17.0.9+9.1 (17.0.9+9) (build 17.0.9+9-jvmci-23.0-b22)
# Java VM: OpenJDK 64-Bit Server VM GraalVM CE 17.0.9+9.1 (17.0.9+9-jvmci-23.0-b22, mixed mode, sharing, tiered, jvmci, jvmci compiler, compressed oops, compressed class ptrs, g1 gc, windows-amd64)
# No core dump will be written. Minidumps are not enabled by default on client versions of Windows
#
# If you would like to submit a bug report, please visit:
#   https://github.com/oracle/graal/issues
#

---------------  S U M M A R Y ------------

Command Line: -XX:ThreadPriorityPolicy=1 -XX:+UnlockExperimentalVMOptions -XX:+EnableJVMCIProduct -XX:-UnlockExperimentalVMOptions -javaagent:C:\Program Files\JetBrains\IntelliJ IDEA Community Edition 2021.2.3\lib\idea_rt.jar=50116:C:\Program Files\JetBrains\IntelliJ IDEA Community Edition 2021.2.3\bin -Dfile.encoding=UTF-8 com.anwar.salesinventory.SalesInventorySystemApplication

Host: AMD Ryzen 5 5500U with Radeon Graphics         , 12 cores, 5G,  Windows 10 , 64 bit Build 19041 (10.0.19041.5915)
Time: Fri Feb 27 10:58:10 2026 SE Asia Standard Time elapsed time: 26.247329 seconds (0d 0h 0m 26s)

---------------  T H R E A D  ---------------

Current thread (0x000001e7fe44f630):  JavaThread "JVMCI-native CompilerThread0" daemon [_thread_in_vm, id=51696, stack(0x0000003701600000,0x0000003701700000)]

Stack: [0x0000003701600000,0x0000003701700000]
Native frames: (J=compiled Java code, j=interpreted, Vv=VM code, C=native code)
V  [jvm.dll+0x66c779]
V  [jvm.dll+0x7cdc78]
V  [jvm.dll+0x7cf73e]
V  [jvm.dll+0x245a3b]
V  [jvm.dll+0x49e7d7]
V  [jvm.dll+0x4b3a75]
V  [jvm.dll+0x431c74]
V  [jvm.dll+0x22593e]
V  [jvm.dll+0x22544b]
V  [jvm.dll+0x783b48]
V  [jvm.dll+0x77deea]
V  [jvm.dll+0x66b665]
C  [ucrtbase.dll+0x21bb2]
C  [KERNEL32.DLL+0x17374]
C  [ntdll.dll+0x4cc91]


---------------  P R O C E S S  ---------------

Threads class SMR info:
_java_thread_list=0x000001e7d5354230, length=30, elements={
0x000001e7fe42d2f0, 0x000001e7fe42e090, 0x000001e7fe440580, 0x000001e7fe442070,
0x000001e7fe444a60, 0x000001e7fe446960, 0x000001e7fe44f630, 0x000001e7fe473d20,
0x000001e7fe476650, 0x000001e7fe663d00, 0x000001e7fe9be640, 0x000001e7d4012010,
0x000001e7d461e580, 0x000001e7d4621820, 0x000001e7d461f4b0, 0x000001e7d461ea90,
0x000001e7d461efa0, 0x000001e7d461f9c0, 0x000001e7d461e070, 0x000001e7d46208f0,
0x000001e7d4621310, 0x000001e7d4620e00, 0x000001e7d5363390, 0x000001e7d5368eb0,
0x000001e7d5367f80, 0x000001e7d53693c0, 0x000001e7d5362460, 0x000001e7d5369de0,
0x000001e7d53698d0, 0x000001e7d5362970
}

Java Threads: ( => current thread )
  0x000001e7fe42d2f0 JavaThread "Reference Handler" daemon [_thread_blocked, id=70900, stack(0x0000003701000000,0x0000003701100000)]
  0x000001e7fe42e090 JavaThread "Finalizer" daemon [_thread_blocked, id=54692, stack(0x0000003701100000,0x0000003701200000)]
  0x000001e7fe440580 JavaThread "Signal Dispatcher" daemon [_thread_blocked, id=76148, stack(0x0000003701200000,0x0000003701300000)]
  0x000001e7fe442070 JavaThread "Attach Listener" daemon [_thread_blocked, id=11336, stack(0x0000003701300000,0x0000003701400000)]
  0x000001e7fe444a60 JavaThread "Service Thread" daemon [_thread_blocked, id=67476, stack(0x0000003701400000,0x0000003701500000)]
  0x000001e7fe446960 JavaThread "Monitor Deflation Thread" daemon [_thread_blocked, id=62976, stack(0x0000003701500000,0x0000003701600000)]
=>0x000001e7fe44f630 JavaThread "JVMCI-native CompilerThread0" daemon [_thread_in_vm, id=51696, stack(0x0000003701600000,0x0000003701700000)]
  0x000001e7fe473d20 JavaThread "C1 CompilerThread0" daemon [_thread_blocked, id=50148, stack(0x0000003701700000,0x0000003701800000)]
  0x000001e7fe476650 JavaThread "Sweeper thread" daemon [_thread_blocked, id=52960, stack(0x0000003701800000,0x0000003701900000)]
  0x000001e7fe663d00 JavaThread "Common-Cleaner" daemon [_thread_blocked, id=72768, stack(0x0000003701900000,0x0000003701a00000)]
  0x000001e7fe9be640 JavaThread "Monitor Ctrl-Break" daemon [_thread_in_native, id=69876, stack(0x0000003701c00000,0x0000003701d00000)]
  0x000001e7d4012010 JavaThread "Notification Thread" daemon [_thread_blocked, id=38260, stack(0x0000003701d00000,0x0000003701e00000)]
  0x000001e7d461e580 JavaThread "Catalina-utility-1" [_thread_blocked, id=34968, stack(0x0000003702700000,0x0000003702800000)]
  0x000001e7d4621820 JavaThread "Catalina-utility-2" [_thread_blocked, id=30468, stack(0x0000003702b00000,0x0000003702c00000)]
  0x000001e7d461f4b0 JavaThread "container-0" [_thread_blocked, id=66780, stack(0x0000003702c00000,0x0000003702d00000)]
  0x000001e7d461ea90 JavaThread "http-nio-8080-exec-1" daemon [_thread_blocked, id=73116, stack(0x0000003702d00000,0x0000003702e00000)]
  0x000001e7d461efa0 JavaThread "http-nio-8080-exec-2" daemon [_thread_blocked, id=77084, stack(0x0000003702e00000,0x0000003702f00000)]
  0x000001e7d461f9c0 JavaThread "http-nio-8080-exec-3" daemon [_thread_blocked, id=7144, stack(0x0000003702f00000,0x0000003703000000)]
  0x000001e7d461e070 JavaThread "http-nio-8080-exec-4" daemon [_thread_blocked, id=4012, stack(0x0000003703000000,0x0000003703100000)]
  0x000001e7d46208f0 JavaThread "http-nio-8080-exec-5" daemon [_thread_blocked, id=77072, stack(0x0000003703100000,0x0000003703200000)]
  0x000001e7d4621310 JavaThread "http-nio-8080-exec-6" daemon [_thread_blocked, id=73768, stack(0x0000003703200000,0x0000003703300000)]
  0x000001e7d4620e00 JavaThread "http-nio-8080-exec-7" daemon [_thread_blocked, id=21192, stack(0x0000003703300000,0x0000003703400000)]
  0x000001e7d5363390 JavaThread "http-nio-8080-exec-8" daemon [_thread_blocked, id=75736, stack(0x0000003703400000,0x0000003703500000)]
  0x000001e7d5368eb0 JavaThread "http-nio-8080-exec-9" daemon [_thread_blocked, id=66804, stack(0x0000003703500000,0x0000003703600000)]
  0x000001e7d5367f80 JavaThread "http-nio-8080-exec-10" daemon [_thread_blocked, id=63492, stack(0x0000003703600000,0x0000003703700000)]
  0x000001e7d53693c0 JavaThread "http-nio-8080-Poller" daemon [_thread_in_native, id=68816, stack(0x0000003703700000,0x0000003703800000)]
  0x000001e7d5362460 JavaThread "http-nio-8080-Acceptor" daemon [_thread_in_native, id=77704, stack(0x0000003703800000,0x0000003703900000)]
  0x000001e7d5369de0 JavaThread "mssql-jdbc-shared-timer-core-0" daemon [_thread_blocked, id=74244, stack(0x0000003703a00000,0x0000003703b00000)]
  0x000001e7d53698d0 JavaThread "HikariPool-1:housekeeper" daemon [_thread_blocked, id=60144, stack(0x0000003703b00000,0x0000003703c00000)]
  0x000001e7d5362970 JavaThread "DestroyJavaVM" [_thread_blocked, id=75584, stack(0x0000003700900000,0x0000003700a00000)]

Other Threads:
  0x000001e7fe4283d0 VMThread "VM Thread" [stack: 0x0000003700f00000,0x0000003701000000] [id=74948]
  0x000001e7d4012980 WatcherThread [stack: 0x0000003701e00000,0x0000003701f00000] [id=65232]
  0x000001e7ede14620 GCTaskThread "GC Thread#0" [stack: 0x0000003700a00000,0x0000003700b00000] [id=73012]
  0x000001e7d4600300 GCTaskThread "GC Thread#1" [stack: 0x0000003701f00000,0x0000003702000000] [id=76564]
  0x000001e7d46a81b0 GCTaskThread "GC Thread#2" [stack: 0x0000003702000000,0x0000003702100000] [id=67516]
  0x000001e7d46a8470 GCTaskThread "GC Thread#3" [stack: 0x0000003702100000,0x0000003702200000] [id=75356]
  0x000001e7d46a8b40 GCTaskThread "GC Thread#4" [stack: 0x0000003702200000,0x0000003702300000] [id=64872]
  0x000001e7d46a8e00 GCTaskThread "GC Thread#5" [stack: 0x0000003702300000,0x0000003702400000] [id=70604]
  0x000001e7d46a90c0 GCTaskThread "GC Thread#6" [stack: 0x0000003702400000,0x0000003702500000] [id=74380]
  0x000001e7d46a9800 GCTaskThread "GC Thread#7" [stack: 0x0000003702500000,0x0000003702600000] [id=59172]
  0x000001e7d46adad0 GCTaskThread "GC Thread#8" [stack: 0x0000003702600000,0x0000003702700000] [id=75228]
  0x000001e7d47fec80 GCTaskThread "GC Thread#9" [stack: 0x0000003702800000,0x0000003702900000] [id=69928]
  0x000001e7ede23150 ConcurrentGCThread "G1 Main Marker" [stack: 0x0000003700b00000,0x0000003700c00000] [id=59420]
  0x000001e7ede23b70 ConcurrentGCThread "G1 Conc#0" [stack: 0x0000003700c00000,0x0000003700d00000] [id=65048]
  0x000001e7d4b60460 ConcurrentGCThread "G1 Conc#1" [stack: 0x0000003702900000,0x0000003702a00000] [id=70888]
  0x000001e7d4b60ca0 ConcurrentGCThread "G1 Conc#2" [stack: 0x0000003702a00000,0x0000003702b00000] [id=50092]
  0x000001e7ede7dcd0 ConcurrentGCThread "G1 Refine#0" [stack: 0x0000003700d00000,0x0000003700e00000] [id=67460]
  0x000001e7ede7e610 ConcurrentGCThread "G1 Service" [stack: 0x0000003700e00000,0x0000003700f00000] [id=75672]

Threads with active compile tasks:

VM state: not at safepoint (normal execution)

VM Mutex/Monitor currently owned by a thread: None

Heap address: 0x00000000a2200000, size: 1502 MB, Compressed Oops mode: 32-bit

CDS archive(s) mapped at: [0x000001e78f000000-0x000001e78fbb0000-0x000001e78fbb0000), size 12255232, SharedBaseAddress: 0x000001e78f000000, ArchiveRelocationMode: 1.
Compressed class space mapped at: 0x000001e790000000-0x000001e7d0000000, reserved size: 1073741824
Narrow klass base: 0x000001e78f000000, Narrow klass shift: 0, Narrow klass range: 0x100000000

GC Precious Log:
 CPUs: 12 total, 12 available
 Memory: 6005M
 Large Page Support: Disabled
 NUMA Support: Disabled
 Compressed Oops: Enabled (32-bit)
 Heap Region Size: 1M
 Heap Min Capacity: 8M
 Heap Initial Capacity: 94M
 Heap Max Capacity: 1502M
 Pre-touch: Disabled
 Parallel Workers: 10
 Concurrent Workers: 3
 Concurrent Refinement Workers: 10
 Periodic GC: Disabled

Heap:
 garbage-first heap   total 54272K, used 31104K [0x00000000a2200000, 0x0000000100000000)
  region size 1024K, 13 young (13312K), 1 survivors (1024K)
 Metaspace       used 44457K, committed 44928K, reserved 1114112K
  class space    used 5490K, committed 5696K, reserved 1048576K

Heap Regions: E=young(eden), S=young(survivor), O=old, HS=humongous(starts), HC=humongous(continues), CS=collection set, F=free, OA=open archive, CA=closed archive, TAMS=top-at-mark-start (previous, next)
|   0|0x00000000a2200000, 0x00000000a2300000, 0x00000000a2300000|100%| O|  |TAMS 0x00000000a2300000, 0x00000000a2200000| Untracked 
|   1|0x00000000a2300000, 0x00000000a2400000, 0x00000000a2400000|100%| O|  |TAMS 0x00000000a2400000, 0x00000000a2300000| Untracked 
|   2|0x00000000a2400000, 0x00000000a2500000, 0x00000000a2500000|100%| O|  |TAMS 0x00000000a2500000, 0x00000000a2400000| Untracked 
|   3|0x00000000a2500000, 0x00000000a2600000, 0x00000000a2600000|100%| O|  |TAMS 0x00000000a2600000, 0x00000000a2500000| Untracked 
|   4|0x00000000a2600000, 0x00000000a2700000, 0x00000000a2700000|100%| O|  |TAMS 0x00000000a2700000, 0x00000000a2600000| Untracked 
|   5|0x00000000a2700000, 0x00000000a2800000, 0x00000000a2800000|100%| O|  |TAMS 0x00000000a2800000, 0x00000000a2700000| Untracked 
|   6|0x00000000a2800000, 0x00000000a2900000, 0x00000000a2900000|100%| O|  |TAMS 0x00000000a2900000, 0x00000000a2800000| Untracked 
|   7|0x00000000a2900000, 0x00000000a2a00000, 0x00000000a2a00000|100%| O|  |TAMS 0x00000000a2a00000, 0x00000000a2900000| Untracked 
|   8|0x00000000a2a00000, 0x00000000a2b00000, 0x00000000a2b00000|100%| O|  |TAMS 0x00000000a2b00000, 0x00000000a2a00000| Untracked 
|   9|0x00000000a2b00000, 0x00000000a2c00000, 0x00000000a2c00000|100%| O|  |TAMS 0x00000000a2c00000, 0x00000000a2b00000| Untracked 
|  10|0x00000000a2c00000, 0x00000000a2d00000, 0x00000000a2d00000|100%| O|  |TAMS 0x00000000a2d00000, 0x00000000a2c00000| Untracked 
|  11|0x00000000a2d00000, 0x00000000a2e00000, 0x00000000a2e00000|100%| O|  |TAMS 0x00000000a2e00000, 0x00000000a2d00000| Untracked 
|  12|0x00000000a2e00000, 0x00000000a2e00000, 0x00000000a2f00000|  0%| F|  |TAMS 0x00000000a2e00000, 0x00000000a2e00000| Untracked 
|  13|0x00000000a2f00000, 0x00000000a3000000, 0x00000000a3000000|100%| O|  |TAMS 0x00000000a3000000, 0x00000000a2f00000| Untracked 
|  14|0x00000000a3000000, 0x00000000a3100000, 0x00000000a3100000|100%| O|  |TAMS 0x00000000a3062400, 0x00000000a3000000| Untracked 
|  15|0x00000000a3100000, 0x00000000a3200000, 0x00000000a3200000|100%| O|  |TAMS 0x00000000a3100000, 0x00000000a3100000| Untracked 
|  16|0x00000000a3200000, 0x00000000a3300000, 0x00000000a3300000|100%| O|  |TAMS 0x00000000a3200000, 0x00000000a3200000| Untracked 
|  17|0x00000000a3300000, 0x00000000a3400000, 0x00000000a3400000|100%| O|  |TAMS 0x00000000a3300000, 0x00000000a3300000| Untracked 
|  18|0x00000000a3400000, 0x00000000a3500000, 0x00000000a3500000|100%| O|  |TAMS 0x00000000a3400000, 0x00000000a3400000| Untracked 
|  19|0x00000000a3500000, 0x00000000a35f7000, 0x00000000a3600000| 96%| O|  |TAMS 0x00000000a3500000, 0x00000000a3500000| Untracked 
|  20|0x00000000a3600000, 0x00000000a3600000, 0x00000000a3700000|  0%| F|  |TAMS 0x00000000a3600000, 0x00000000a3600000| Untracked 
|  21|0x00000000a3700000, 0x00000000a3700000, 0x00000000a3800000|  0%| F|  |TAMS 0x00000000a3700000, 0x00000000a3700000| Untracked 
|  22|0x00000000a3800000, 0x00000000a3800000, 0x00000000a3900000|  0%| F|  |TAMS 0x00000000a3800000, 0x00000000a3800000| Untracked 
|  23|0x00000000a3900000, 0x00000000a3900000, 0x00000000a3a00000|  0%| F|  |TAMS 0x00000000a3900000, 0x00000000a3900000| Untracked 
|  24|0x00000000a3a00000, 0x00000000a3a00000, 0x00000000a3b00000|  0%| F|  |TAMS 0x00000000a3a00000, 0x00000000a3a00000| Untracked 
|  25|0x00000000a3b00000, 0x00000000a3b00000, 0x00000000a3c00000|  0%| F|  |TAMS 0x00000000a3b00000, 0x00000000a3b00000| Untracked 
|  26|0x00000000a3c00000, 0x00000000a3c00000, 0x00000000a3d00000|  0%| F|  |TAMS 0x00000000a3c00000, 0x00000000a3c00000| Untracked 
|  27|0x00000000a3d00000, 0x00000000a3d00000, 0x00000000a3e00000|  0%| F|  |TAMS 0x00000000a3d00000, 0x00000000a3d00000| Untracked 
|  28|0x00000000a3e00000, 0x00000000a3e00000, 0x00000000a3f00000|  0%| F|  |TAMS 0x00000000a3e00000, 0x00000000a3e00000| Untracked 
|  29|0x00000000a3f00000, 0x00000000a3f00000, 0x00000000a4000000|  0%| F|  |TAMS 0x00000000a3f00000, 0x00000000a3f00000| Untracked 
|  30|0x00000000a4000000, 0x00000000a4000000, 0x00000000a4100000|  0%| F|  |TAMS 0x00000000a4000000, 0x00000000a4000000| Untracked 
|  31|0x00000000a4100000, 0x00000000a4100000, 0x00000000a4200000|  0%| F|  |TAMS 0x00000000a4100000, 0x00000000a4100000| Untracked 
|  32|0x00000000a4200000, 0x00000000a4200000, 0x00000000a4300000|  0%| F|  |TAMS 0x00000000a4200000, 0x00000000a4200000| Untracked 
|  33|0x00000000a4300000, 0x00000000a4300000, 0x00000000a4400000|  0%| F|  |TAMS 0x00000000a4300000, 0x00000000a4300000| Untracked 
|  34|0x00000000a4400000, 0x00000000a4400000, 0x00000000a4500000|  0%| F|  |TAMS 0x00000000a4400000, 0x00000000a4400000| Untracked 
|  35|0x00000000a4500000, 0x00000000a4500000, 0x00000000a4600000|  0%| F|  |TAMS 0x00000000a4500000, 0x00000000a4500000| Untracked 
|  36|0x00000000a4600000, 0x00000000a4600000, 0x00000000a4700000|  0%| F|  |TAMS 0x00000000a4600000, 0x00000000a4600000| Untracked 
|  37|0x00000000a4700000, 0x00000000a4700000, 0x00000000a4800000|  0%| F|  |TAMS 0x00000000a4700000, 0x00000000a4700000| Untracked 
|  38|0x00000000a4800000, 0x00000000a4800000, 0x00000000a4900000|  0%| F|  |TAMS 0x00000000a4800000, 0x00000000a4800000| Untracked 
|  39|0x00000000a4900000, 0x00000000a4900000, 0x00000000a4a00000|  0%| F|  |TAMS 0x00000000a4900000, 0x00000000a4900000| Untracked 
|  40|0x00000000a4a00000, 0x00000000a4a8dc78, 0x00000000a4b00000| 55%| E|  |TAMS 0x00000000a4a00000, 0x00000000a4a00000| Complete 
|  41|0x00000000a4b00000, 0x00000000a4c00000, 0x00000000a4c00000|100%| E|CS|TAMS 0x00000000a4b00000, 0x00000000a4b00000| Complete 
|  42|0x00000000a4c00000, 0x00000000a4d00000, 0x00000000a4d00000|100%| E|CS|TAMS 0x00000000a4c00000, 0x00000000a4c00000| Complete 
|  43|0x00000000a4d00000, 0x00000000a4e00000, 0x00000000a4e00000|100%| E|CS|TAMS 0x00000000a4d00000, 0x00000000a4d00000| Complete 
|  44|0x00000000a4e00000, 0x00000000a4f00000, 0x00000000a4f00000|100%| E|CS|TAMS 0x00000000a4e00000, 0x00000000a4e00000| Complete 
|  45|0x00000000a4f00000, 0x00000000a5000000, 0x00000000a5000000|100%| E|CS|TAMS 0x00000000a4f00000, 0x00000000a4f00000| Complete 
|  46|0x00000000a5000000, 0x00000000a5100000, 0x00000000a5100000|100%| E|CS|TAMS 0x00000000a5000000, 0x00000000a5000000| Complete 
|  47|0x00000000a5100000, 0x00000000a5200000, 0x00000000a5200000|100%| E|CS|TAMS 0x00000000a5100000, 0x00000000a5100000| Complete 
|  48|0x00000000a5200000, 0x00000000a5300000, 0x00000000a5300000|100%| E|CS|TAMS 0x00000000a5200000, 0x00000000a5200000| Complete 
|  49|0x00000000a5300000, 0x00000000a5400000, 0x00000000a5400000|100%| E|CS|TAMS 0x00000000a5300000, 0x00000000a5300000| Complete 
|  50|0x00000000a5400000, 0x00000000a5500000, 0x00000000a5500000|100%| E|CS|TAMS 0x00000000a5400000, 0x00000000a5400000| Complete 
|  51|0x00000000a5500000, 0x00000000a5569180, 0x00000000a5600000| 41%| S|CS|TAMS 0x00000000a5500000, 0x00000000a5500000| Complete 
|  93|0x00000000a7f00000, 0x00000000a8000000, 0x00000000a8000000|100%| E|CS|TAMS 0x00000000a7f00000, 0x00000000a7f00000| Complete 

Card table byte_map: [0x000001e7f8340000,0x000001e7f8630000] _byte_map_base: 0x000001e7f7e2f000

Marking Bits (Prev, Next): (CMBitMap*) 0x000001e7ede14c40, (CMBitMap*) 0x000001e7ede14c80
 Prev Bits: [0x000001e7f8920000, 0x000001e7fa098000)
 Next Bits: [0x000001e7fa0a0000, 0x000001e7fb818000)

Polling page: 0x000001e7ebbf0000

Metaspace:

Usage:
  Non-class:     38.05 MB used.
      Class:      5.36 MB used.
       Both:     43.42 MB used.

Virtual space:
  Non-class space:       64.00 MB reserved,      38.31 MB ( 60%) committed,  1 nodes.
      Class space:        1.00 GB reserved,       5.56 MB ( <1%) committed,  1 nodes.
             Both:        1.06 GB reserved,      43.88 MB (  4%) committed. 

Chunk freelists:
   Non-Class:  9.37 MB
       Class:  10.39 MB
        Both:  19.75 MB

MaxMetaspaceSize: unlimited
CompressedClassSpaceSize: 1.00 GB
Initial GC threshold: 21.00 MB
Current GC threshold: 58.69 MB
CDS: on
MetaspaceReclaimPolicy: balanced
 - commit_granule_bytes: 65536.
 - commit_granule_words: 8192.
 - virtual_space_node_default_size: 8388608.
 - enlarge_chunks_in_place: 1.
 - new_chunks_are_fully_committed: 0.
 - uncommit_free_chunks: 1.
 - use_allocation_guard: 0.
 - handle_deallocations: 1.


Internal statistics:

num_allocs_failed_limit: 6.
num_arena_births: 626.
num_arena_deaths: 0.
num_vsnodes_births: 2.
num_vsnodes_deaths: 0.
num_space_committed: 702.
num_space_uncommitted: 0.
num_chunks_returned_to_freelist: 6.
num_chunks_taken_from_freelist: 2072.
num_chunk_merges: 6.
num_chunk_splits: 1435.
num_chunks_enlarged: 1088.
num_inconsistent_stats: 0.

CodeHeap 'non-profiled nmethods': size=119488Kb used=1733Kb max_used=1733Kb free=117754Kb
 bounds [0x000001e787b50000, 0x000001e787dc0000, 0x000001e78f000000]
CodeHeap 'profiled nmethods': size=119424Kb used=11953Kb max_used=11953Kb free=107470Kb
 bounds [0x000001e780000000, 0x000001e780bb0000, 0x000001e7874a0000]
CodeHeap 'non-nmethods': size=6848Kb used=1307Kb max_used=2458Kb free=5540Kb
 bounds [0x000001e7874a0000, 0x000001e787710000, 0x000001e787b50000]
 total_blobs=5840 nmethods=5226 adapters=523
 compilation: enabled
              stopped_count=0, restarted_count=0
 full_count=0

JVMCI Events (20 events):
Event: 9.925 Thread 0x000001e7fe44f630 detached from JVMCI runtime 0
Event: 20.143 Thread 0x000001e7fe44f630 attached to JVMCI runtime 0
Event: 20.167 Thread 0x000001e7fe44f630 created JavaVM[2]@0x000001e7ff6978f0 for JVMCI runtime 0
Event: 20.167 Thread 0x000001e7fe44f630 initializing JVMCI runtime 0
Event: 20.167 Thread 0x000001e7fe44f630 done waiting for JavaVM references initialization in JVMCI runtime 0
Event: 20.172 Thread 0x000001e7fe44f630 initialized JVMCI runtime 0
Event: 20.321 Thread 0x000001e7fe44f630 compacted oop handles in JVMCI runtime 0 from 69 to 65
Event: 21.328 Thread 0x000001e7fe44f630 detaching from JVMCI runtime 0: releasing idle compiler thread (0 other threads still attached)
Event: 21.328 Thread 0x000001e7fe44f630 shutting down HotSpotJVMCIRuntime for JVMCI runtime 0
Event: 21.329 Thread 0x000001e7fe44f630 shut down JVMCI runtime 0
Event: 21.333 Thread 0x000001e7fe44f630 destroyed JavaVM[2]@0x000001e7ff6978f0 for JVMCI runtime 0
Event: 21.333 Thread 0x000001e7fe44f630 releasing handles for JVMCI runtime 0: oop handles=65, metadata handles={total=122, live=114, blocks=28}
Event: 21.333 Thread 0x000001e7fe44f630 detached from JVMCI runtime 0
Event: 25.141 Thread 0x000001e7fe44f630 attached to JVMCI runtime 0
Event: 25.164 Thread 0x000001e7fe44f630 created JavaVM[3]@0x000001e7ff6978f0 for JVMCI runtime 0
Event: 25.164 Thread 0x000001e7fe44f630 initializing JVMCI runtime 0
Event: 25.164 Thread 0x000001e7fe44f630 done waiting for JavaVM references initialization in JVMCI runtime 0
Event: 25.168 Thread 0x000001e7fe44f630 initialized JVMCI runtime 0
Event: 26.242 Thread 0x000001e7fe44f630 detaching from JVMCI runtime 0: releasing idle compiler thread (0 other threads still attached)
Event: 26.242 Thread 0x000001e7fe44f630 shutting down HotSpotJVMCIRuntime for JVMCI runtime 0

Compilation events (20 events):
Event: 8.867 Thread 0x000001e7fe674280 nmethod 5225 0x000001e780baae10 code [0x000001e780baafc0, 0x000001e780bab548]
Event: 8.871 Thread 0x000001e7fe674280 5227       3       java.nio.MappedByteBuffer::position (6 bytes)
Event: 8.871 Thread 0x000001e7fe674280 nmethod 5227 0x000001e780bab690 code [0x000001e780bab840, 0x000001e780baba48]
Event: 8.871 Thread 0x000001e7fe473d20 5228       1       com.sun.crypto.provider.AESCrypt::getBlockSize (3 bytes)
Event: 8.871 Thread 0x000001e7fe473d20 nmethod 5228 0x000001e787cfdc10 code [0x000001e787cfdda0, 0x000001e787cfde78]
Event: 8.871 Thread 0x000001e7fe473d20 5229       3       java.nio.ByteBuffer::clear (7 bytes)
Event: 8.872 Thread 0x000001e7fe473d20 nmethod 5229 0x000001e780babb90 code [0x000001e780babd20, 0x000001e780babe98]
Event: 8.872 Thread 0x000001e7fe473d20 5230       3       java.nio.HeapByteBuffer::put (17 bytes)
Event: 8.872 Thread 0x000001e7fe473d20 nmethod 5230 0x000001e780babf90 code [0x000001e780bac140, 0x000001e780bac318]
Event: 8.884 Thread 0x000001e7fe44f630 nmethod 5221% 0x000001e787cfdf10 code [0x000001e787cfe0a0, 0x000001e787cfe8e0]
Event: 8.884 Thread 0x000001e7fe44f630 5215       4       sun.security.ec.ECOperations::lookup4 (88 bytes)
Event: 8.901 Thread 0x000001e7fe44f630 nmethod 5215 0x000001e787cfec90 code [0x000001e787cfeec0, 0x000001e787cff690]
Event: 8.902 Thread 0x000001e7fe44f630 5216       4       sun.security.util.math.intpoly.IntegerPolynomialP256::square (613 bytes)
Event: 8.908 Thread 0x000001e7fe44f630 nmethod 5216 0x000001e787d00010 code [0x000001e787d001a0, 0x000001e787d00630]
Event: 8.908 Thread 0x000001e7fe44f630 5223       4       sun.security.util.math.intpoly.IntegerPolynomial::carryValue (17 bytes)
Event: 8.909 Thread 0x000001e7fe44f630 nmethod 5223 0x000001e787d00810 code [0x000001e787d00980, 0x000001e787d00a00]
Event: 20.143 Thread 0x000001e7fe44f630 5231       4       java.util.concurrent.locks.AbstractQueuedSynchronizer::release (19 bytes)
Event: 20.321 Thread 0x000001e7fe44f630 nmethod 5231 0x000001e787d00b10 code [0x000001e787d00d00, 0x000001e787d01180]
Event: 25.141 Thread 0x000001e7fe44f630 5232       4       java.lang.Thread::interrupted (23 bytes)
Event: 25.237 Thread 0x000001e7fe44f630 nmethod 5232 0x000001e787d01390 code [0x000001e787d01500, 0x000001e787d01580]

GC Heap History (20 events):
Event: 1.289 GC heap before
{Heap before GC invocations=0 (full 0):
 garbage-first heap   total 96256K, used 23552K [0x00000000a2200000, 0x0000000100000000)
  region size 1024K, 23 young (23552K), 0 survivors (0K)
 Metaspace       used 6447K, committed 6656K, reserved 1114112K
  class space    used 715K, committed 832K, reserved 1048576K
}
Event: 1.301 GC heap after
{Heap after GC invocations=1 (full 0):
 garbage-first heap   total 96256K, used 5760K [0x00000000a2200000, 0x0000000100000000)
  region size 1024K, 3 young (3072K), 3 survivors (3072K)
 Metaspace       used 6447K, committed 6656K, reserved 1114112K
  class space    used 715K, committed 832K, reserved 1048576K
}
Event: 2.293 GC heap before
{Heap before GC invocations=1 (full 0):
 garbage-first heap   total 96256K, used 31360K [0x00000000a2200000, 0x0000000100000000)
  region size 1024K, 29 young (29696K), 3 survivors (3072K)
 Metaspace       used 12601K, committed 12928K, reserved 1114112K
  class space    used 1612K, committed 1792K, reserved 1048576K
}
Event: 2.304 GC heap after
{Heap after GC invocations=2 (full 0):
 garbage-first heap   total 96256K, used 7901K [0x00000000a2200000, 0x0000000100000000)
  region size 1024K, 3 young (3072K), 3 survivors (3072K)
 Metaspace       used 12601K, committed 12928K, reserved 1114112K
  class space    used 1612K, committed 1792K, reserved 1048576K
}
Event: 3.057 GC heap before
{Heap before GC invocations=2 (full 0):
 garbage-first heap   total 96256K, used 46813K [0x00000000a2200000, 0x0000000100000000)
  region size 1024K, 43 young (44032K), 3 survivors (3072K)
 Metaspace       used 21153K, committed 21504K, reserved 1114112K
  class space    used 2646K, committed 2816K, reserved 1048576K
}
Event: 3.066 GC heap after
{Heap after GC invocations=3 (full 0):
 garbage-first heap   total 96256K, used 11270K [0x00000000a2200000, 0x0000000100000000)
  region size 1024K, 6 young (6144K), 6 survivors (6144K)
 Metaspace       used 21153K, committed 21504K, reserved 1114112K
  class space    used 2646K, committed 2816K, reserved 1048576K
}
Event: 3.845 GC heap before
{Heap before GC invocations=4 (full 0):
 garbage-first heap   total 45056K, used 31750K [0x00000000a2200000, 0x0000000100000000)
  region size 1024K, 26 young (26624K), 6 survivors (6144K)
 Metaspace       used 23691K, committed 24064K, reserved 1114112K
  class space    used 2946K, committed 3136K, reserved 1048576K
}
Event: 3.857 GC heap after
{Heap after GC invocations=5 (full 0):
 garbage-first heap   total 45056K, used 12401K [0x00000000a2200000, 0x0000000100000000)
  region size 1024K, 2 young (2048K), 2 survivors (2048K)
 Metaspace       used 23691K, committed 24064K, reserved 1114112K
  class space    used 2946K, committed 3136K, reserved 1048576K
}
Event: 3.900 GC heap before
{Heap before GC invocations=5 (full 0):
 garbage-first heap   total 45056K, used 13425K [0x00000000a2200000, 0x0000000100000000)
  region size 1024K, 3 young (3072K), 2 survivors (2048K)
 Metaspace       used 23803K, committed 24128K, reserved 1114112K
  class space    used 2967K, committed 3136K, reserved 1048576K
}
Event: 3.906 GC heap after
{Heap after GC invocations=6 (full 0):
 garbage-first heap   total 54272K, used 12752K [0x00000000a2200000, 0x0000000100000000)
  region size 1024K, 1 young (1024K), 1 survivors (1024K)
 Metaspace       used 23803K, committed 24128K, reserved 1114112K
  class space    used 2967K, committed 3136K, reserved 1048576K
}
Event: 4.965 GC heap before
{Heap before GC invocations=6 (full 0):
 garbage-first heap   total 54272K, used 36304K [0x00000000a2200000, 0x0000000100000000)
  region size 1024K, 24 young (24576K), 1 survivors (1024K)
 Metaspace       used 28765K, committed 29248K, reserved 1114112K
  class space    used 3618K, committed 3840K, reserved 1048576K
}
Event: 4.978 GC heap after
{Heap after GC invocations=7 (full 0):
 garbage-first heap   total 54272K, used 14910K [0x00000000a2200000, 0x0000000100000000)
  region size 1024K, 3 young (3072K), 3 survivors (3072K)
 Metaspace       used 28765K, committed 29248K, reserved 1114112K
  class space    used 3618K, committed 3840K, reserved 1048576K
}
Event: 6.053 GC heap before
{Heap before GC invocations=7 (full 0):
 garbage-first heap   total 54272K, used 37438K [0x00000000a2200000, 0x0000000100000000)
  region size 1024K, 25 young (25600K), 3 survivors (3072K)
 Metaspace       used 33602K, committed 34048K, reserved 1114112K
  class space    used 4215K, committed 4416K, reserved 1048576K
}
Event: 6.059 GC heap after
{Heap after GC invocations=8 (full 0):
 garbage-first heap   total 54272K, used 17565K [0x00000000a2200000, 0x0000000100000000)
  region size 1024K, 3 young (3072K), 3 survivors (3072K)
 Metaspace       used 33602K, committed 34048K, reserved 1114112K
  class space    used 4215K, committed 4416K, reserved 1048576K
}
Event: 6.486 GC heap before
{Heap before GC invocations=8 (full 0):
 garbage-first heap   total 54272K, used 28829K [0x00000000a2200000, 0x0000000100000000)
  region size 1024K, 15 young (15360K), 3 survivors (3072K)
 Metaspace       used 35530K, committed 35968K, reserved 1114112K
  class space    used 4453K, committed 4672K, reserved 1048576K
}
Event: 6.491 GC heap after
{Heap after GC invocations=9 (full 0):
 garbage-first heap   total 54272K, used 18779K [0x00000000a2200000, 0x0000000100000000)
  region size 1024K, 2 young (2048K), 2 survivors (2048K)
 Metaspace       used 35530K, committed 35968K, reserved 1114112K
  class space    used 4453K, committed 4672K, reserved 1048576K
}
Event: 7.305 GC heap before
{Heap before GC invocations=10 (full 0):
 garbage-first heap   total 54272K, used 38235K [0x00000000a2200000, 0x0000000100000000)
  region size 1024K, 21 young (21504K), 2 survivors (2048K)
 Metaspace       used 38676K, committed 39168K, reserved 1114112K
  class space    used 4884K, committed 5120K, reserved 1048576K
}
Event: 7.311 GC heap after
{Heap after GC invocations=11 (full 0):
 garbage-first heap   total 54272K, used 19929K [0x00000000a2200000, 0x0000000100000000)
  region size 1024K, 3 young (3072K), 3 survivors (3072K)
 Metaspace       used 38676K, committed 39168K, reserved 1114112K
  class space    used 4884K, committed 5120K, reserved 1048576K
}
Event: 7.421 GC heap before
{Heap before GC invocations=11 (full 0):
 garbage-first heap   total 54272K, used 19929K [0x00000000a2200000, 0x0000000100000000)
  region size 1024K, 4 young (4096K), 3 survivors (3072K)
 Metaspace       used 38945K, committed 39360K, reserved 1114112K
  class space    used 4918K, committed 5120K, reserved 1048576K
}
Event: 7.425 GC heap after
{Heap after GC invocations=12 (full 0):
 garbage-first heap   total 54272K, used 19840K [0x00000000a2200000, 0x0000000100000000)
  region size 1024K, 1 young (1024K), 1 survivors (1024K)
 Metaspace       used 38945K, committed 39360K, reserved 1114112K
  class space    used 4918K, committed 5120K, reserved 1048576K
}

Dll operation events (13 events):
Event: 0.089 Loaded shared library C:\Users\1485\.jdks\graalvm-ce-17.0.9\bin\java.dll
Event: 0.124 Loaded shared library C:\Users\1485\.jdks\graalvm-ce-17.0.9\bin\jsvml.dll
Event: 0.270 Loaded shared library C:\Users\1485\.jdks\graalvm-ce-17.0.9\bin\zip.dll
Event: 0.275 Loaded shared library C:\Users\1485\.jdks\graalvm-ce-17.0.9\bin\instrument.dll
Event: 0.282 Loaded shared library C:\Users\1485\.jdks\graalvm-ce-17.0.9\bin\jvmcicompiler.dll
Event: 0.288 Loaded shared library C:\Users\1485\.jdks\graalvm-ce-17.0.9\bin\net.dll
Event: 0.291 Loaded shared library C:\Users\1485\.jdks\graalvm-ce-17.0.9\bin\nio.dll
Event: 0.297 Loaded shared library C:\Users\1485\.jdks\graalvm-ce-17.0.9\bin\zip.dll
Event: 0.311 Loaded shared library C:\Users\1485\.jdks\graalvm-ce-17.0.9\bin\jimage.dll
Event: 0.413 Loaded shared library C:\Program Files\JetBrains\IntelliJ IDEA Community Edition 2021.2.3\bin\breakgen64.dll
Event: 3.030 Loaded shared library C:\Users\1485\.jdks\graalvm-ce-17.0.9\bin\sunmscapi.dll
Event: 5.036 Loaded shared library C:\Users\1485\.jdks\graalvm-ce-17.0.9\bin\management.dll
Event: 5.041 Loaded shared library C:\Users\1485\.jdks\graalvm-ce-17.0.9\bin\management_ext.dll

Deoptimization events (20 events):
Event: 7.356 Thread 0x000001e7eddce190 DEOPT PACKING pc=0x000001e787be6625 sp=0x00000037009fccd0
Event: 7.356 Thread 0x000001e7eddce190 DEOPT UNPACKING pc=0x000001e7874f6f45 sp=0x00000037009fc028 mode 3
Event: 7.447 Thread 0x000001e7eddce190 Uncommon trap: trap_request=0xffffffed fr.pc=0x000001e787cb0c40 relative=0x0000000000000280
Event: 7.447 Thread 0x000001e7eddce190 Uncommon trap: reason=null_assert_or_unreached0 action=reinterpret pc=0x000001e787cb0c40 method=sun.net.www.ParseUtil.encodePath(Ljava/lang/String;Z)Ljava/lang/String; @ 0 jvmci
Event: 7.447 Thread 0x000001e7eddce190 DEOPT PACKING pc=0x000001e787cb0c40 sp=0x00000037009fc720
Event: 7.447 Thread 0x000001e7eddce190 DEOPT UNPACKING pc=0x000001e7874f6f45 sp=0x00000037009fbbd0 mode 3
Event: 7.537 Thread 0x000001e7eddce190 Uncommon trap: trap_request=0xffffffed fr.pc=0x000001e787cbfee6 relative=0x0000000000000066
Event: 7.537 Thread 0x000001e7eddce190 Uncommon trap: reason=null_assert_or_unreached0 action=reinterpret pc=0x000001e787cbfee6 method=sun.net.util.IPAddressUtil.checkHostString(Ljava/lang/String;)Ljava/lang/String; @ 0 jvmci
Event: 7.537 Thread 0x000001e7eddce190 DEOPT PACKING pc=0x000001e787cbfee6 sp=0x00000037009f8f30
Event: 7.538 Thread 0x000001e7eddce190 DEOPT UNPACKING pc=0x000001e7874f6f45 sp=0x00000037009f83c8 mode 3
Event: 8.010 Thread 0x000001e7eddce190 Uncommon trap: trap_request=0xffffffed fr.pc=0x000001e787c23a77 relative=0x0000000000001337
Event: 8.010 Thread 0x000001e7eddce190 Uncommon trap: reason=null_assert_or_unreached0 action=reinterpret pc=0x000001e787c23a77 method=java.util.HashMap.putVal(ILjava/lang/Object;Ljava/lang/Object;ZZ)Ljava/lang/Object; @ 104 jvmci
Event: 8.010 Thread 0x000001e7eddce190 DEOPT PACKING pc=0x000001e787c23a77 sp=0x00000037009fba70
Event: 8.010 Thread 0x000001e7eddce190 DEOPT UNPACKING pc=0x000001e7874f6f45 sp=0x00000037009faf10 mode 3
Event: 8.010 Thread 0x000001e7eddce190 Uncommon trap: trap_request=0xffffffed fr.pc=0x000001e787c3f76c relative=0x0000000000000c8c
Event: 8.010 Thread 0x000001e7eddce190 Uncommon trap: reason=null_assert_or_unreached0 action=reinterpret pc=0x000001e787c3f76c method=java.util.HashMap.resize()[Ljava/util/HashMap$Node; @ 172 jvmci
Event: 8.010 Thread 0x000001e7eddce190 DEOPT PACKING pc=0x000001e787c3f76c sp=0x00000037009fb9d0
Event: 8.010 Thread 0x000001e7eddce190 DEOPT UNPACKING pc=0x000001e7874f6f45 sp=0x00000037009fae30 mode 3
Event: 8.657 Thread 0x000001e7d5368490 DEOPT PACKING pc=0x000001e780b05dee sp=0x0000003703cfe440
Event: 8.657 Thread 0x000001e7d5368490 DEOPT UNPACKING pc=0x000001e7874f6f45 sp=0x0000003703cfd8c8 mode 0

Classes unloaded (0 events):
No events

Classes redefined (0 events):
No events

Internal exceptions (20 events):
Event: 8.437 Thread 0x000001e7d5368490 Exception <a 'java/io/FileNotFoundException'{0x00000000a4c27ea0}> (0x00000000a4c27ea0) 
thrown [s\src\hotspot\share\prims\jni.cpp, line 516]
Event: 8.439 Thread 0x000001e7d5368490 Exception <a 'java/lang/reflect/InvocationTargetException'{0x00000000a4c29b70}> (0x00000000a4c29b70) 
thrown [s\src\hotspot\share\runtime\reflection.cpp, line 1121]
Event: 8.512 Thread 0x000001e7d5368490 Exception <a 'java/io/FileNotFoundException'{0x00000000a4c7d0b0}> (0x00000000a4c7d0b0) 
thrown [s\src\hotspot\share\prims\jni.cpp, line 516]
Event: 8.513 Thread 0x000001e7d5368490 Exception <a 'java/io/FileNotFoundException'{0x00000000a4c7e320}> (0x00000000a4c7e320) 
thrown [s\src\hotspot\share\prims\jni.cpp, line 516]
Event: 8.515 Thread 0x000001e7d5368490 Exception <a 'java/lang/reflect/InvocationTargetException'{0x00000000a4c7fff0}> (0x00000000a4c7fff0) 
thrown [s\src\hotspot\share\runtime\reflection.cpp, line 1121]
Event: 8.589 Thread 0x000001e7d5368490 Exception <a 'java/io/FileNotFoundException'{0x00000000a4cd3398}> (0x00000000a4cd3398) 
thrown [s\src\hotspot\share\prims\jni.cpp, line 516]
Event: 8.590 Thread 0x000001e7d5368490 Exception <a 'java/io/FileNotFoundException'{0x00000000a4cd4608}> (0x00000000a4cd4608) 
thrown [s\src\hotspot\share\prims\jni.cpp, line 516]
Event: 8.591 Thread 0x000001e7d5368490 Exception <a 'java/lang/reflect/InvocationTargetException'{0x00000000a4cd62d8}> (0x00000000a4cd62d8) 
thrown [s\src\hotspot\share\runtime\reflection.cpp, line 1121]
Event: 8.653 Thread 0x000001e7d5368490 Exception <a 'java/io/FileNotFoundException'{0x00000000a4b29b68}> (0x00000000a4b29b68) 
thrown [s\src\hotspot\share\prims\jni.cpp, line 516]
Event: 8.654 Thread 0x000001e7d5368490 Exception <a 'java/io/FileNotFoundException'{0x00000000a4b2add8}> (0x00000000a4b2add8) 
thrown [s\src\hotspot\share\prims\jni.cpp, line 516]
Event: 8.655 Thread 0x000001e7d5368490 Exception <a 'java/lang/reflect/InvocationTargetException'{0x00000000a4b2caa8}> (0x00000000a4b2caa8) 
thrown [s\src\hotspot\share\runtime\reflection.cpp, line 1121]
Event: 8.717 Thread 0x000001e7d5368490 Exception <a 'java/io/FileNotFoundException'{0x00000000a4b85030}> (0x00000000a4b85030) 
thrown [s\src\hotspot\share\prims\jni.cpp, line 516]
Event: 8.718 Thread 0x000001e7d5368490 Exception <a 'java/io/FileNotFoundException'{0x00000000a4b862a0}> (0x00000000a4b862a0) 
thrown [s\src\hotspot\share\prims\jni.cpp, line 516]
Event: 8.719 Thread 0x000001e7d5368490 Exception <a 'java/lang/reflect/InvocationTargetException'{0x00000000a4b87f70}> (0x00000000a4b87f70) 
thrown [s\src\hotspot\share\runtime\reflection.cpp, line 1121]
Event: 8.781 Thread 0x000001e7d5368490 Exception <a 'java/io/FileNotFoundException'{0x00000000a4bdda00}> (0x00000000a4bdda00) 
thrown [s\src\hotspot\share\prims\jni.cpp, line 516]
Event: 8.782 Thread 0x000001e7d5368490 Exception <a 'java/io/FileNotFoundException'{0x00000000a4bdec70}> (0x00000000a4bdec70) 
thrown [s\src\hotspot\share\prims\jni.cpp, line 516]
Event: 8.783 Thread 0x000001e7d5368490 Exception <a 'java/lang/reflect/InvocationTargetException'{0x00000000a4be0940}> (0x00000000a4be0940) 
thrown [s\src\hotspot\share\runtime\reflection.cpp, line 1121]
Event: 8.845 Thread 0x000001e7d5368490 Exception <a 'java/io/FileNotFoundException'{0x00000000a4a33cd0}> (0x00000000a4a33cd0) 
thrown [s\src\hotspot\share\prims\jni.cpp, line 516]
Event: 8.846 Thread 0x000001e7d5368490 Exception <a 'java/io/FileNotFoundException'{0x00000000a4a34f40}> (0x00000000a4a34f40) 
thrown [s\src\hotspot\share\prims\jni.cpp, line 516]
Event: 8.847 Thread 0x000001e7d5368490 Exception <a 'java/lang/reflect/InvocationTargetException'{0x00000000a4a36c10}> (0x00000000a4a36c10) 
thrown [s\src\hotspot\share\runtime\reflection.cpp, line 1121]

VM Operations (20 events):
Event: 7.421 Executing VM operation: G1CollectForAllocation
Event: 7.425 Executing VM operation: G1CollectForAllocation done
Event: 7.528 Executing VM operation: HandshakeAllThreads
Event: 7.528 Executing VM operation: HandshakeAllThreads done
Event: 7.537 Executing VM operation: HandshakeAllThreads
Event: 7.537 Executing VM operation: HandshakeAllThreads done
Event: 7.546 Executing VM operation: HandshakeAllThreads
Event: 7.546 Executing VM operation: HandshakeAllThreads done
Event: 7.611 Executing VM operation: HandshakeAllThreads
Event: 7.611 Executing VM operation: HandshakeAllThreads done
Event: 7.686 Executing VM operation: HandshakeAllThreads
Event: 7.686 Executing VM operation: HandshakeAllThreads done
Event: 7.693 Executing VM operation: HandshakeAllThreads
Event: 7.693 Executing VM operation: HandshakeAllThreads done
Event: 8.007 Executing VM operation: HandshakeAllThreads
Event: 8.007 Executing VM operation: HandshakeAllThreads done
Event: 8.008 Executing VM operation: HandshakeAllThreads
Event: 8.008 Executing VM operation: HandshakeAllThreads done
Event: 9.019 Executing VM operation: Cleanup
Event: 9.020 Executing VM operation: Cleanup done

Events (20 events):
Event: 8.185 loading class java/util/stream/Nodes$IntFixedNodeBuilder
Event: 8.185 loading class java/util/stream/Node$Builder$OfInt
Event: 8.186 loading class java/util/stream/Node$Builder$OfInt done
Event: 8.186 loading class java/util/stream/Nodes$IntArrayNode
Event: 8.186 loading class java/util/stream/Nodes$IntArrayNode done
Event: 8.186 loading class java/util/stream/Nodes$IntFixedNodeBuilder done
Event: 8.186 loading class java/util/stream/ReferencePipeline$4$1
Event: 8.186 loading class java/util/stream/ReferencePipeline$4$1 done
Event: 8.220 loading class sun/reflect/generics/repository/FieldRepository
Event: 8.220 loading class sun/reflect/generics/repository/FieldRepository done
Event: 8.243 loading class java/util/concurrent/ConcurrentLinkedQueue$Itr
Event: 8.244 loading class java/util/concurrent/ConcurrentLinkedQueue$Itr done
Event: 8.256 Thread 0x000001e7eddce190 Thread exited: 0x000001e7eddce190
Event: 8.256 Thread 0x000001e7d5362970 Thread added: 0x000001e7d5362970
Event: 8.261 Thread 0x000001e7d5368490 Thread added: 0x000001e7d5368490
Event: 8.368 loading class jdk/internal/misc/ScopedMemoryAccess$Scope
Event: 8.368 loading class jdk/internal/misc/ScopedMemoryAccess$Scope done
Event: 13.879 Thread 0x000001e7fe674280 Thread exited: 0x000001e7fe674280
Event: 13.911 Thread 0x000001e7d5368490 Thread exited: 0x000001e7d5368490
Event: 18.885 Thread 0x000001e7fe670470 Thread exited: 0x000001e7fe670470


Dynamic libraries:
0x00007ff7697e0000 - 0x00007ff7697ee000 	C:\Users\1485\.jdks\graalvm-ce-17.0.9\bin\java.exe
0x00007ffa6eb10000 - 0x00007ffa6ed08000 	C:\Windows\SYSTEM32\ntdll.dll
0x00007ffa6da20000 - 0x00007ffa6dae2000 	C:\Windows\System32\KERNEL32.DLL
0x00007ffa6c7b0000 - 0x00007ffa6caa6000 	C:\Windows\System32\KERNELBASE.dll
0x00007ffa6c6b0000 - 0x00007ffa6c7b0000 	C:\Windows\System32\ucrtbase.dll
0x00007ffa64a40000 - 0x00007ffa64a5b000 	C:\Users\1485\.jdks\graalvm-ce-17.0.9\bin\VCRUNTIME140.dll
0x00007ffa64f90000 - 0x00007ffa64fa7000 	C:\Users\1485\.jdks\graalvm-ce-17.0.9\bin\jli.dll
0x00007ffa6d7e0000 - 0x00007ffa6d981000 	C:\Windows\System32\USER32.dll
0x00007ffa6c400000 - 0x00007ffa6c422000 	C:\Windows\System32\win32u.dll
0x00007ffa50840000 - 0x00007ffa50adb000 	C:\Windows\WinSxS\amd64_microsoft.windows.common-controls_6595b64144ccf1df_6.0.19041.6456_none_60b8a6cb71f64256\COMCTL32.dll
0x00007ffa6e5f0000 - 0x00007ffa6e61b000 	C:\Windows\System32\GDI32.dll
0x00007ffa6cb30000 - 0x00007ffa6cbce000 	C:\Windows\System32\msvcrt.dll
0x00007ffa6c590000 - 0x00007ffa6c6a9000 	C:\Windows\System32\gdi32full.dll
0x00007ffa6c230000 - 0x00007ffa6c2cd000 	C:\Windows\System32\msvcp_win.dll
0x00007ffa6d9f0000 - 0x00007ffa6da1f000 	C:\Windows\System32\IMM32.DLL
0x00007ffa666c0000 - 0x00007ffa666cc000 	C:\Users\1485\.jdks\graalvm-ce-17.0.9\bin\vcruntime140_1.dll
0x00007ffa32540000 - 0x00007ffa325ce000 	C:\Users\1485\.jdks\graalvm-ce-17.0.9\bin\msvcp140.dll
0x00007ff9dc020000 - 0x00007ff9dcbf8000 	C:\Users\1485\.jdks\graalvm-ce-17.0.9\bin\server\jvm.dll
0x00007ffa6ea10000 - 0x00007ffa6eac1000 	C:\Windows\System32\ADVAPI32.dll
0x00007ffa6d300000 - 0x00007ffa6d39f000 	C:\Windows\System32\sechost.dll
0x00007ffa6cca0000 - 0x00007ffa6cdc0000 	C:\Windows\System32\RPCRT4.dll
0x00007ffa6cb00000 - 0x00007ffa6cb27000 	C:\Windows\System32\bcrypt.dll
0x00007ffa61f40000 - 0x00007ffa61f4a000 	C:\Windows\SYSTEM32\VERSION.dll
0x00007ffa6bf50000 - 0x00007ffa6bf9b000 	C:\Windows\SYSTEM32\POWRPROF.dll
0x00007ffa66e20000 - 0x00007ffa66e47000 	C:\Windows\SYSTEM32\WINMM.dll
0x00007ffa51260000 - 0x00007ffa51269000 	C:\Windows\SYSTEM32\WSOCK32.dll
0x00007ffa6e580000 - 0x00007ffa6e5eb000 	C:\Windows\System32\WS2_32.dll
0x00007ffa6bf30000 - 0x00007ffa6bf42000 	C:\Windows\SYSTEM32\UMPDC.dll
0x00007ffa6a9c0000 - 0x00007ffa6a9d2000 	C:\Windows\SYSTEM32\kernel.appcore.dll
0x00007ffa649a0000 - 0x00007ffa649aa000 	C:\Users\1485\.jdks\graalvm-ce-17.0.9\bin\jimage.dll
0x00007ffa69f80000 - 0x00007ffa6a181000 	C:\Windows\SYSTEM32\DBGHELP.DLL
0x00007ffa507e0000 - 0x00007ffa50814000 	C:\Windows\SYSTEM32\dbgcore.DLL
0x00007ffa6c1a0000 - 0x00007ffa6c222000 	C:\Windows\System32\bcryptPrimitives.dll
0x00007ffa64940000 - 0x00007ffa6494e000 	C:\Users\1485\.jdks\graalvm-ce-17.0.9\bin\instrument.dll
0x00007ffa646c0000 - 0x00007ffa646e5000 	C:\Users\1485\.jdks\graalvm-ce-17.0.9\bin\java.dll
0x00007ffa2ebb0000 - 0x00007ffa2ec87000 	C:\Users\1485\.jdks\graalvm-ce-17.0.9\bin\jsvml.dll
0x00007ffa6db70000 - 0x00007ffa6e2e0000 	C:\Windows\System32\SHELL32.dll
0x00007ffa6a1b0000 - 0x00007ffa6a955000 	C:\Windows\SYSTEM32\windows.storage.dll
0x00007ffa6e6b0000 - 0x00007ffa6ea04000 	C:\Windows\System32\combase.dll
0x00007ffa6baf0000 - 0x00007ffa6bb1b000 	C:\Windows\SYSTEM32\Wldp.dll
0x00007ffa6cbd0000 - 0x00007ffa6cc9d000 	C:\Windows\System32\OLEAUT32.dll
0x00007ffa6e4d0000 - 0x00007ffa6e57d000 	C:\Windows\System32\SHCORE.dll
0x00007ffa6d640000 - 0x00007ffa6d69b000 	C:\Windows\System32\shlwapi.dll
0x00007ffa6c0d0000 - 0x00007ffa6c0f4000 	C:\Windows\SYSTEM32\profapi.dll
0x00007ffa3b900000 - 0x00007ffa3b918000 	C:\Users\1485\.jdks\graalvm-ce-17.0.9\bin\zip.dll
0x00007ff9cdad0000 - 0x00007ff9cfd9c000 	C:\Users\1485\.jdks\graalvm-ce-17.0.9\bin\jvmcicompiler.dll
0x00007ffa6d3a0000 - 0x00007ffa6d3a8000 	C:\Windows\System32\PSAPI.DLL
0x00007ffa6c430000 - 0x00007ffa6c58d000 	C:\Windows\System32\CRYPT32.dll
0x00007ffa6b830000 - 0x00007ffa6b89a000 	C:\Windows\SYSTEM32\MSWSOCK.dll
0x00007ffa6c090000 - 0x00007ffa6c0be000 	C:\Windows\SYSTEM32\USERENV.dll
0x00007ffa6bb60000 - 0x00007ffa6bb87000 	C:\Windows\SYSTEM32\ncrypt.dll
0x00007ffa6b500000 - 0x00007ffa6b53b000 	C:\Windows\SYSTEM32\IPHLPAPI.DLL
0x00007ffa6bb20000 - 0x00007ffa6bb5b000 	C:\Windows\SYSTEM32\NTASN1.dll
0x00007ffa50640000 - 0x00007ffa50659000 	C:\Users\1485\.jdks\graalvm-ce-17.0.9\bin\net.dll
0x00007ffa62a40000 - 0x00007ffa62b4a000 	C:\Windows\SYSTEM32\WINHTTP.dll
0x00007ffa3ba30000 - 0x00007ffa3ba46000 	C:\Users\1485\.jdks\graalvm-ce-17.0.9\bin\nio.dll
0x00007ffa3b8e0000 - 0x00007ffa3b8fa000 	C:\Program Files\JetBrains\IntelliJ IDEA Community Edition 2021.2.3\bin\breakgen64.dll
0x00007ffa4e610000 - 0x00007ffa4e61e000 	C:\Users\1485\.jdks\graalvm-ce-17.0.9\bin\sunmscapi.dll
0x00007ffa6ba40000 - 0x00007ffa6ba58000 	C:\Windows\SYSTEM32\CRYPTSP.dll
0x00007ffa6b130000 - 0x00007ffa6b168000 	C:\Windows\system32\rsaenh.dll
0x00007ffa6ba60000 - 0x00007ffa6ba6c000 	C:\Windows\SYSTEM32\CRYPTBASE.dll
0x00007ffa6d6b0000 - 0x00007ffa6d6b8000 	C:\Windows\System32\NSI.dll
0x00007ffa62ee0000 - 0x00007ffa62ef7000 	C:\Windows\SYSTEM32\dhcpcsvc6.DLL
0x00007ffa62e60000 - 0x00007ffa62e7d000 	C:\Windows\SYSTEM32\dhcpcsvc.DLL
0x00007ffa6b540000 - 0x00007ffa6b60a000 	C:\Windows\SYSTEM32\DNSAPI.dll
0x00007ffa64560000 - 0x00007ffa6456a000 	C:\Users\1485\.jdks\graalvm-ce-17.0.9\bin\management.dll
0x00007ffa62650000 - 0x00007ffa6265b000 	C:\Users\1485\.jdks\graalvm-ce-17.0.9\bin\management_ext.dll
0x00007ffa54d60000 - 0x00007ffa54d67000 	C:\Windows\system32\wshunix.dll
0x00007ffa500a0000 - 0x00007ffa500b7000 	C:\Windows\system32\napinsp.dll
0x00007ffa50080000 - 0x00007ffa5009b000 	C:\Windows\system32\pnrpnsp.dll
0x00007ffa68830000 - 0x00007ffa6884d000 	C:\Windows\system32\wshbth.dll
0x00007ffa66720000 - 0x00007ffa6673d000 	C:\Windows\system32\NLAapi.dll
0x00007ffa51210000 - 0x00007ffa51222000 	C:\Windows\System32\winrnr.dll
0x00007ffa64d80000 - 0x00007ffa64d8a000 	C:\Windows\System32\rasadhlp.dll
0x00007ffa5c5e0000 - 0x00007ffa5c660000 	C:\Windows\System32\fwpuclnt.dll

dbghelp: loaded successfully - version: 4.0.5 - missing functions: none
symbol engine: initialized successfully - sym options: 0x614 - pdb path: .;C:\Users\1485\.jdks\graalvm-ce-17.0.9\bin;C:\Windows\SYSTEM32;C:\Windows\WinSxS\amd64_microsoft.windows.common-controls_6595b64144ccf1df_6.0.19041.6456_none_60b8a6cb71f64256;C:\Users\1485\.jdks\graalvm-ce-17.0.9\bin\server;C:\Program Files\JetBrains\IntelliJ IDEA Community Edition 2021.2.3\bin

VM Arguments:
jvm_args: -XX:ThreadPriorityPolicy=1 -XX:+UnlockExperimentalVMOptions -XX:+EnableJVMCIProduct -XX:-UnlockExperimentalVMOptions -javaagent:C:\Program Files\JetBrains\IntelliJ IDEA Community Edition 2021.2.3\lib\idea_rt.jar=50116:C:\Program Files\JetBrains\IntelliJ IDEA Community Edition 2021.2.3\bin -Dfile.encoding=UTF-8 
java_command: com.anwar.salesinventory.SalesInventorySystemApplication
java_class_path (initial): D:\Dev\personal\springboot-sales-inventory-system\target\classes;C:\Users\1485\.m2\repository\org\springframework\boot\spring-boot-starter-security\3.5.11\spring-boot-starter-security-3.5.11.jar;C:\Users\1485\.m2\repository\org\springframework\boot\spring-boot-starter\3.5.11\spring-boot-starter-3.5.11.jar;C:\Users\1485\.m2\repository\org\springframework\boot\spring-boot\3.5.11\spring-boot-3.5.11.jar;C:\Users\1485\.m2\repository\org\springframework\boot\spring-boot-autoconfigure\3.5.11\spring-boot-autoconfigure-3.5.11.jar;C:\Users\1485\.m2\repository\org\springframework\boot\spring-boot-starter-logging\3.5.11\spring-boot-starter-logging-3.5.11.jar;C:\Users\1485\.m2\repository\ch\qos\logback\logback-classic\1.5.32\logback-classic-1.5.32.jar;C:\Users\1485\.m2\repository\ch\qos\logback\logback-core\1.5.32\logback-core-1.5.32.jar;C:\Users\1485\.m2\repository\org\apache\logging\log4j\log4j-to-slf4j\2.24.3\log4j-to-slf4j-2.24.3.jar;C:\Users\1485\.m2\repository\org\apache\logging\log4j\log4j-api\2.24.3\log4j-api-2.24.3.jar;C:\Users\1485\.m2\repository\org\slf4j\jul-to-slf4j\2.0.17\jul-to-slf4j-2.0.17.jar;C:\Users\1485\.m2\repository\jakarta\annotation\jakarta.annotation-api\2.1.1\jakarta.annotation-api-2.1.1.jar;C:\Users\1485\.m2\repository\org\yaml\snakeyaml\2.4\snakeyaml-2.4.jar;C:\Users\1485\.m2\repository\org\springframework\spring-aop\6.2.16\spring-aop-6.2.16.jar;C:\Users\1485\.m2\repository\org\springframework\spring-beans\6.2.16\spring-beans-6.2.16.jar;C:\Users\1485\.m2\repository\org\springframework\security\spring-security-config\6.5.8\spring-security-config-6.5.8.jar;C:\Users\1485\.m2\repository\org\springframework\spring-context\6.2.16\spring-context-6.2.16.jar;C:\Users\1485\.m2\repository\org\springframework\security\spring-security-web\6.5.8\spring-security-web-6.5.8.jar;C:\Users\1485\.m2\repository\org\springframework\spring-expression\6.2.16\spring-expression-6.2.16.jar;C:\Users\1485\.m2\repository\org\springframework\boot\spring-
Launcher Type: SUN_STANDARD

[Global flags]
     intx CICompilerCount                          = 4                                         {product} {ergonomic}
     uint ConcGCThreads                            = 3                                         {product} {ergonomic}
     bool EnableJVMCIProduct                       = true                                {JVMCI product} {jimage}
     uint G1ConcRefinementThreads                  = 10                                        {product} {ergonomic}
   size_t G1HeapRegionSize                         = 1048576                                   {product} {ergonomic}
    uintx GCDrainStackTargetSize                   = 64                                        {product} {ergonomic}
   size_t InitialHeapSize                          = 98566144                                  {product} {ergonomic}
   size_t MarkStackSize                            = 4194304                                   {product} {ergonomic}
   size_t MaxHeapSize                              = 1574961152                                {product} {ergonomic}
   size_t MaxNewSize                               = 944766976                                 {product} {ergonomic}
   size_t MinHeapDeltaBytes                        = 1048576                                   {product} {ergonomic}
   size_t MinHeapSize                              = 8388608                                   {product} {ergonomic}
    uintx NonNMethodCodeHeapSize                   = 6979620                                {pd product} {ergonomic}
    uintx NonProfiledCodeHeapSize                  = 122339310                              {pd product} {ergonomic}
    uintx ProfiledCodeHeapSize                     = 122339310                              {pd product} {ergonomic}
    uintx ReservedCodeCacheSize                    = 251658240                              {pd product} {ergonomic}
     bool SegmentedCodeCache                       = true                                      {product} {ergonomic}
   size_t SoftMaxHeapSize                          = 1574961152                             {manageable} {ergonomic}
     intx ThreadPriorityPolicy                     = 1                                         {product} {jimage}
     bool UseCompressedClassPointers               = true                           {product lp64_product} {ergonomic}
     bool UseCompressedOops                        = true                           {product lp64_product} {ergonomic}
     bool UseG1GC                                  = true                                      {product} {ergonomic}
     bool UseLargePagesIndividualAllocation        = false                                  {pd product} {ergonomic}

Logging:
Log output configuration:
 #0: stdout all=warning uptime,level,tags
 #1: stderr all=off uptime,level,tags

Environment Variables:
JAVA_HOME=C:\Program Files\Java\jdk-17.0.3
PATH=C:\Program Files\Common Files\Oracle\Java\javapath;C:\Windows\system32;C:\Windows;C:\Windows\System32\Wbem;C:\Windows\System32\WindowsPowerShell\v1.0\;C:\Windows\System32\OpenSSH\;C:\Program Files\Microsoft SQL Server\Client SDK\ODBC\170\Tools\Binn\;C:\Program Files (x86)\Microsoft SQL Server\150\Tools\Binn\;C:\Program Files\Microsoft SQL Server\150\Tools\Binn\;C:\Program Files\Microsoft SQL Server\150\DTS\Binn\;C:\Program Files\Java\jdk-17.0.3\bin;C:\Program Files\Git\cmd;C:\Program Files\apache-maven-3.8.6\bin;C:\Users\1485\.m2\repository\com\oracle\database\jdbc\ojdbc8\21.5.0.0;C:\xampp_8\php;C:\Program Files (x86)\Versa Secure Access;C:\ProgramData\ComposerSetup\bin;C:\Program Files\nodejs\;C:\Program Files (x86)\Pulse Secure\VC142.CRT\X64\;C:\Program Files (x86)\Pulse Secure\VC142.CRT\X86\;C:\Program Files (x86)\Common Files\Pulse Secure\TNC Client Plugin\;C:\Program Files\OpenSSL-Win64\bin;C:\Program Files\PuTTY\;D:\Programs\ngrok;C:\Program Files\MySQL\MySQL Server 8.0\bin;;C:\Program Files\Docker\Docker\resources\bin;C:\Program Files\MySQL\MySQL Shell 8.0\bin\;C:\Users\1485\AppData\Local\Microsoft\WindowsApps;C:\Program Files\JetBrains\IntelliJ IDEA Community Edition 2021.2.3\bin;C:\Users\1485\AppData\Local\Programs\Microsoft VS Code\bin;C:\Program Files\heroku\bin;C:\Users\1485\AppData\Roaming\Composer\vendor\bin;C:\Users\1485\AppData\Roaming\npm;
USERNAME=1485
OS=Windows_NT
PROCESSOR_IDENTIFIER=AMD64 Family 23 Model 104 Stepping 1, AuthenticAMD
TMP=C:\Users\1485\AppData\Local\Temp
TEMP=C:\Users\1485\AppData\Local\Temp



Periodic native trim disabled


---------------  S Y S T E M  ---------------

OS:
 Windows 10 , 64 bit Build 19041 (10.0.19041.5915)
OS uptime: 7 days 21:20 hours
Hyper-V role detected

CPU: total 12 (initial active 12) (12 cores per cpu, 2 threads per core) family 23 model 104 stepping 1 microcode 0x0, cx8, cmov, fxsr, ht, mmx, 3dnowpref, sse, sse2, sse3, ssse3, sse4a, sse4.1, sse4.2, popcnt, lzcnt, tsc, tscinvbit, avx, avx2, aes, clmul, bmi1, bmi2, adx, sha, fma, vzeroupper, clflush, clflushopt, hv
Processor Information for all 12 processors :
  Max Mhz: 2100, Current Mhz: 1877, Mhz Limit: 2100

Memory: 4k page, system-wide physical 6005M (193M free)
TotalPageFile size 24437M (AvailPageFile size 4M)
current process WorkingSet (physical memory assigned to process): 98M, peak: 213M
current process commit charge ("private bytes"): 223M, peak: 251M

vm_info: OpenJDK 64-Bit Server VM (17.0.9+9-jvmci-23.0-b22) for windows-amd64 JRE (17.0.9+9-jvmci-23.0-b22), built on Oct 18 2023 02:18:43 by "" with MS VC++ 17.1 (VS2022)

END.
